// Jest Snapshot v1, https://goo.gl/fbAQLP

exports[`Test Login Screen It should match initial snapshot 1`] = `
<View
  style={
    Object {
      "backgroundColor": "white",
      "flex": 1,
      "flexDirection": "column",
      "justifyContent": "center",
      "paddingTop": 200,
    }
  }
>
  <View
    style={
      Object {
        "alignItems": "center",
        "flex": 1,
        "justifyContent": "center",
        "margin": 20,
      }
    }
  >
    <Image
      source={
        Object {
          "testUri": "../../../assets/images/logo.png",
        }
      }
      style={
        Object {
          "alignItems": "center",
          "flexDirection": "column",
          "height": 250,
          "justifyContent": "center",
          "marginBottom": 50,
          "width": 250,
        }
      }
    />
  </View>
  <View
    style={
      Object {
        "marginTop": 50,
      }
    }
  >
    <ForwardRef
      onPress={[Function]}
      style={
        Object {
          "alignItems": "center",
          "backgroundColor": "#2FCC87",
          "borderRadius": 5,
          "color": "white",
          "flexDirection": "row",
          "justifyContent": "space-evenly",
          "marginBottom": 10,
          "marginLeft": 40,
          "marginRight": 40,
          "padding": 12,
        }
      }
    >
      <Text
        style={
          Object {
            "color": "white",
            "fontWeight": "bold",
          }
        }
      >
        Login
      </Text>
    </ForwardRef>
    <ForwardRef
      onPress={[Function]}
      style={
        Object {
          "alignItems": "center",
          "backgroundColor": "white",
          "borderColor": "#2FCC87",
          "borderRadius": 5,
          "borderWidth": 0.25,
          "color": "#2FCC87",
          "flexDirection": "row",
          "justifyContent": "space-evenly",
          "marginBottom": 10,
          "marginLeft": 40,
          "marginRight": 40,
          "padding": 12,
        }
      }
    >
      <Text
        style={
          Object {
            "color": "#2FCC87",
            "fontWeight": "bold",
          }
        }
      >
        Get Started
      </Text>
    </ForwardRef>
  </View>
  <View
    style={
      Object {
        "alignItems": "center",
        "justifyContent": "center",
        "marginLeft": 40,
        "marginRight": 40,
      }
    }
  >
    <Text
      style={
        Object {
          "textAlign": "center",
        }
      }
    >
      By selecting one or the other you are agreeing to our
       
      <Text
        style={
          Object {
            "alignItems": "center",
            "color": "#2FCC87",
            "flex": -1,
            "flexDirection": "row",
            "fontWeight": "bold",
            "justifyContent": "center",
            "marginTop": 5,
            "textDecorationLine": "underline",
          }
        }
      >
        Terms of Service
      </Text>
       
      & 
      <Text
        style={
          Object {
            "alignItems": "center",
            "color": "#2FCC87",
            "flex": -1,
            "flexDirection": "row",
            "fontWeight": "bold",
            "justifyContent": "center",
            "marginTop": 5,
            "textDecorationLine": "underline",
          }
        }
      >
        Privacy Policy 
      </Text>
      .
    </Text>
  </View>
  <View
    style={
      Object {
        "backgroundColor": "white",
        "flex": 1,
        "flexDirection": "column",
        "justifyContent": "center",
        "paddingTop": 200,
      }
    }
  >
    <RBSheet
      animationType="none"
      closeDuration={200}
      closeOnDragDown={true}
      closeOnPressBack={true}
      closeOnPressMask={true}
      customStyles={
        Object {
          "container": Object {
            "borderTopLeftRadius": 10,
            "borderTopRightRadius": 10,
          },
        }
      }
      dragFromTopOnly={false}
      height={300}
      keyboardAvoidingViewEnabled={true}
      minClosingHeight={0}
      onClose={null}
      onOpen={null}
      openDuration={250}
    >
      <Bottom
        closeLoginSheet={[Function]}
      />
    </RBSheet>
    <View />
    <View
      style={
        Object {
          "backgroundColor": "white",
          "flex": 1,
          "flexDirection": "column",
          "justifyContent": "center",
          "paddingTop": 200,
        }
      }
    >
      <RBSheet
        animationType="none"
        closeDuration={200}
        closeOnDragDown={false}
        closeOnPressBack={true}
        closeOnPressMask={true}
        customStyles={
          Object {
            "container": Object {
              "borderTopLeftRadius": 10,
              "borderTopRightRadius": 10,
            },
          }
        }
        dragFromTopOnly={false}
        height={800}
        keyboardAvoidingViewEnabled={true}
        minClosingHeight={0}
        onClose={null}
        onOpen={null}
        openDuration={250}
      >
        <Signup
          closeLoginSheet={[Function]}
          closeSignupSheet={[Function]}
          openSignupSheet={[Function]}
        />
      </RBSheet>
    </View>
  </View>
</View>
`;
